// Jest Snapshot v1, https://goo.gl/fbAQLP

exports[`Home.vue renders language spanish in i18n 1`] = `<p>hola</p>`;
